// Jest Snapshot v1, https://goo.gl/fbAQLP

exports[`Button Tests should match snapshot 1`] = `
<button
  className="sc-bczRLJ bDyXjI"
  data-testid="button"
  type="button"
>
  Hello
</button>
`;
