// Jest Snapshot v1, https://goo.gl/fbAQLP

exports[`Product Item Tests should match snapshot 1`] = `
<div
  className="sc-llJcti cYgdPA"
>
  <div
    className="sc-iIPllB kxtate"
  >
    <div
      className="sc-kLLXSd fQciod"
    >
      <img
        className="sc-gicCDI bNDIqY"
        src=""
      />
    </div>
  </div>
  <div
    className="sc-ezWOiH ktCmNA"
  >
    â‚º 
    3
  </div>
  <div
    className="sc-bZkfAO chgbay"
  >
    name
  </div>
  <button
    className="sc-bczRLJ bDyXjI"
    data-testid="button"
    onClick={[MockFunction]}
    type="button"
  >
    Add
  </button>
</div>
`;
